// Vitest Snapshot v1, https://vitest.dev/guide/snapshot.html

exports[`mirror > setMirror 1`] = `
{
  "terminal.integrated.env.linux": {
    "CHROMEDRIVER_CDNURL": "https://cdn.npmmirror.com/binaries/chromedriver",
    "COREPACK_NPM_REGISTRY": "https://registry.npmmirror.com",
    "CYPRESS_DOWNLOAD_PATH_TEMPLATE": "https://cdn.npmmirror.com/binaries/cypress/\${version}/\${platform}-\${arch}/cypress.zip",
    "EDGEDRIVER_CDNURL": "https://npmmirror.com/mirrors/edgedriver",
    "ELECTRON_BUILDER_BINARIES_MIRROR": "https://cdn.npmmirror.com/binaries/electron-builder-binaries/",
    "ELECTRON_MIRROR": "https://cdn.npmmirror.com/binaries/electron/",
    "NODEJS_ORG_MIRROR": "https://cdn.npmmirror.com/binaries/node",
    "NVM_NODEJS_ORG_MIRROR": "https://cdn.npmmirror.com/binaries/node",
    "NWJS_URLBASE": "https://cdn.npmmirror.com/binaries/nwjs/v",
    "OPERADRIVER_CDNURL": "https://cdn.npmmirror.com/binaries/operadriver",
    "PHANTOMJS_CDNURL": "https://cdn.npmmirror.com/binaries/phantomjs",
    "PLAYWRIGHT_DOWNLOAD_HOST": "https://cdn.npmmirror.com/binaries/playwright",
    "PRISMA_ENGINES_MIRROR": "https://cdn.npmmirror.com/binaries/prisma",
    "PUPPETEER_DOWNLOAD_BASE_URL": "https://cdn.npmmirror.com/binaries/chrome-for-testing",
    "PUPPETEER_DOWNLOAD_HOST": "https://cdn.npmmirror.com/binaries/chrome-for-testing",
    "RE2_DOWNLOAD_MIRROR": "https://cdn.npmmirror.com/binaries/node-re2",
    "RE2_DOWNLOAD_SKIP_PATH": "true",
    "SASS_BINARY_SITE": "https://cdn.npmmirror.com/binaries/node-sass",
    "SAUCECTL_INSTALL_BINARY_MIRROR": "https://cdn.npmmirror.com/binaries/saucectl",
    "SENTRYCLI_CDNURL": "https://cdn.npmmirror.com/binaries/sentry-cli",
    "SWC_BINARY_SITE": "https://cdn.npmmirror.com/binaries/node-swc",
    "npm_config_better_sqlite3_binary_host": "https://cdn.npmmirror.com/binaries/better-sqlite3",
    "npm_config_keytar_binary_host": "https://cdn.npmmirror.com/binaries/keytar",
    "npm_config_robotjs_binary_host": "https://cdn.npmmirror.com/binaries/robotjs",
    "npm_config_sharp_binary_host": "https://cdn.npmmirror.com/binaries/sharp",
    "npm_config_sharp_libvips_binary_host": "https://cdn.npmmirror.com/binaries/sharp-libvips",
  },
  "terminal.integrated.env.osx": {
    "CHROMEDRIVER_CDNURL": "https://cdn.npmmirror.com/binaries/chromedriver",
    "COREPACK_NPM_REGISTRY": "https://registry.npmmirror.com",
    "CYPRESS_DOWNLOAD_PATH_TEMPLATE": "https://cdn.npmmirror.com/binaries/cypress/\${version}/\${platform}-\${arch}/cypress.zip",
    "EDGEDRIVER_CDNURL": "https://npmmirror.com/mirrors/edgedriver",
    "ELECTRON_BUILDER_BINARIES_MIRROR": "https://cdn.npmmirror.com/binaries/electron-builder-binaries/",
    "ELECTRON_MIRROR": "https://cdn.npmmirror.com/binaries/electron/",
    "NODEJS_ORG_MIRROR": "https://cdn.npmmirror.com/binaries/node",
    "NVM_NODEJS_ORG_MIRROR": "https://cdn.npmmirror.com/binaries/node",
    "NWJS_URLBASE": "https://cdn.npmmirror.com/binaries/nwjs/v",
    "OPERADRIVER_CDNURL": "https://cdn.npmmirror.com/binaries/operadriver",
    "PHANTOMJS_CDNURL": "https://cdn.npmmirror.com/binaries/phantomjs",
    "PLAYWRIGHT_DOWNLOAD_HOST": "https://cdn.npmmirror.com/binaries/playwright",
    "PRISMA_ENGINES_MIRROR": "https://cdn.npmmirror.com/binaries/prisma",
    "PUPPETEER_DOWNLOAD_BASE_URL": "https://cdn.npmmirror.com/binaries/chrome-for-testing",
    "PUPPETEER_DOWNLOAD_HOST": "https://cdn.npmmirror.com/binaries/chrome-for-testing",
    "RE2_DOWNLOAD_MIRROR": "https://cdn.npmmirror.com/binaries/node-re2",
    "RE2_DOWNLOAD_SKIP_PATH": "true",
    "SASS_BINARY_SITE": "https://cdn.npmmirror.com/binaries/node-sass",
    "SAUCECTL_INSTALL_BINARY_MIRROR": "https://cdn.npmmirror.com/binaries/saucectl",
    "SENTRYCLI_CDNURL": "https://cdn.npmmirror.com/binaries/sentry-cli",
    "SWC_BINARY_SITE": "https://cdn.npmmirror.com/binaries/node-swc",
    "npm_config_better_sqlite3_binary_host": "https://cdn.npmmirror.com/binaries/better-sqlite3",
    "npm_config_keytar_binary_host": "https://cdn.npmmirror.com/binaries/keytar",
    "npm_config_robotjs_binary_host": "https://cdn.npmmirror.com/binaries/robotjs",
    "npm_config_sharp_binary_host": "https://cdn.npmmirror.com/binaries/sharp",
    "npm_config_sharp_libvips_binary_host": "https://cdn.npmmirror.com/binaries/sharp-libvips",
  },
  "terminal.integrated.env.windows": {
    "CHROMEDRIVER_CDNURL": "https://cdn.npmmirror.com/binaries/chromedriver",
    "COREPACK_NPM_REGISTRY": "https://registry.npmmirror.com",
    "CYPRESS_DOWNLOAD_PATH_TEMPLATE": "https://cdn.npmmirror.com/binaries/cypress/\${version}/\${platform}-\${arch}/cypress.zip",
    "EDGEDRIVER_CDNURL": "https://npmmirror.com/mirrors/edgedriver",
    "ELECTRON_BUILDER_BINARIES_MIRROR": "https://cdn.npmmirror.com/binaries/electron-builder-binaries/",
    "ELECTRON_MIRROR": "https://cdn.npmmirror.com/binaries/electron/",
    "NODEJS_ORG_MIRROR": "https://cdn.npmmirror.com/binaries/node",
    "NVM_NODEJS_ORG_MIRROR": "https://cdn.npmmirror.com/binaries/node",
    "NWJS_URLBASE": "https://cdn.npmmirror.com/binaries/nwjs/v",
    "OPERADRIVER_CDNURL": "https://cdn.npmmirror.com/binaries/operadriver",
    "PHANTOMJS_CDNURL": "https://cdn.npmmirror.com/binaries/phantomjs",
    "PLAYWRIGHT_DOWNLOAD_HOST": "https://cdn.npmmirror.com/binaries/playwright",
    "PRISMA_ENGINES_MIRROR": "https://cdn.npmmirror.com/binaries/prisma",
    "PUPPETEER_DOWNLOAD_BASE_URL": "https://cdn.npmmirror.com/binaries/chrome-for-testing",
    "PUPPETEER_DOWNLOAD_HOST": "https://cdn.npmmirror.com/binaries/chrome-for-testing",
    "RE2_DOWNLOAD_MIRROR": "https://cdn.npmmirror.com/binaries/node-re2",
    "RE2_DOWNLOAD_SKIP_PATH": "true",
    "SASS_BINARY_SITE": "https://cdn.npmmirror.com/binaries/node-sass",
    "SAUCECTL_INSTALL_BINARY_MIRROR": "https://cdn.npmmirror.com/binaries/saucectl",
    "SENTRYCLI_CDNURL": "https://cdn.npmmirror.com/binaries/sentry-cli",
    "SWC_BINARY_SITE": "https://cdn.npmmirror.com/binaries/node-swc",
    "npm_config_better_sqlite3_binary_host": "https://cdn.npmmirror.com/binaries/better-sqlite3",
    "npm_config_keytar_binary_host": "https://cdn.npmmirror.com/binaries/keytar",
    "npm_config_robotjs_binary_host": "https://cdn.npmmirror.com/binaries/robotjs",
    "npm_config_sharp_binary_host": "https://cdn.npmmirror.com/binaries/sharp",
    "npm_config_sharp_libvips_binary_host": "https://cdn.npmmirror.com/binaries/sharp-libvips",
  },
}
`;
